OK a-1 storage insert policy: with_check＝live 逐語＋★10 句のみ — mig=((bucket_id = 'cast-photos'::text) AND ((storage.foldername(name))[1] = (auth_org_id())::text) AND ((EXISTS ( SELECT 1 F… live=((bucket_id = 'cast-photos'::text) AND ((storage.foldername(name))[1] = (auth_org_id())::text) AND ((EXISTS ( SELECT 1 F…
OK a-2 storage update policy: using／with_check＝live 逐語＋★10 句のみ
OK a-3 storage select policy は不触（mig に cast_photos_select の drop／create なし）
OK a-4 revoke／grant＝写経元 0016:501〜502 の形（revoke … from public, anon, authenticated／grant  execute … to service_role・二重スペース込み）
OK a-5 監査＝audit_log_write_service の live 署名（8 引数・p_org_id, p_actor, p_action, p_target, p_before, p_after, p_store_id[, p_reason]）に沿う呼び出し — p_org_id uuid, p_actor uuid, p_action text, p_target text DEFAULT NULL::text, p_before jsonb DEFAULT NULL::jsonb, p_after jsonb DEFAULT NULL::jsonb, p_store_id uuid DEFAULT NULL::uuid, p_reason text DEFAULT NULL::text
OK a-6 secdef 骨格＝写経元どおり（security definer・set search_path = public・language plpgsql）
OK a-7 課金ゲート行を置かない（関数本文に 'billing locked' なし＝名簿 B(a)・ヘッダ注記の文字列は prosrc 外）
OK b-1 c_wipe 68 手＝w2 の 1〜68 逐語（53 手目 stock_logs） — mig=68 w2=68 diff=
OK b-2 c_load 67 表＝削除順の逆（53 手目を除く）
OK b-3 68 手の表名が live に全て実在・全表が org_id 列を持つ
OK b-4 FK 246 本に対し削除順の違反 0（子が親より後に来る FK なし・stock_logs は再削除で解消）
OK b-5 投入順の違反 0（親が子より後に来る FK なし）
OK b-6 自己参照 FK（投入順で親行が先に要る表＝要注意） — checks: FOREIGN KEY (merged_into) REFERENCES checks(id)
OK c-1 残す 4 表を親に持つ FK＝110 本（users／memberships は id 不変＝payload が録画時の id を持てば成立・orgs は p_org_id 一致を ★6 で検査） — stores,casts,audit_logs,products,seats,bottle_keeps,stock_logs,checks,check_nominations,check_lines,payments,check_cast_backs,receivables,shift_wishes,shifts,attendance,punches,deductions,staffing_needs,daily_reports,comp_plans,cast_plan,cast_norms,penalty_config,attendance_incentives,custom_back_de
OK d-1 orgs の列数・列名を pin する suite＝0（w1 再確認・grep）
OK d-2 orgs の grant は表単位（authenticated=SELECT）＝新列 is_demo／demo_reset_at も authenticated から読める（RLS orgs_select＝自 org のみ）・列単位の revoke なし — [{"grantee":"authenticated","p":"SELECT"}]
OK e-1 名簿 B(a) の現在の見出し — ### B(a) 構造除外＝authenticated 実行不可（service/内部・26本）→ ゲート不要（B7 回避型(1)）
OK e-2 live 全数 245→246 見込み（demo_org_reset 追加）・gated 128 不変 — total=245 gated=128
OK e-3 anon-guard の INTERNAL_PROBES（anon かつ authenticated で BLOCKED）が存在＝demo_org_reset を 1 本足す張り替え点
OK e-4 不触の md5 控え（手貼り後に照合） — audit_log_write_service=fdef8647 check_close=f26d8c3d check_group_due=8285d0d8 check_pay=d480a565 check_void=c99700f1 payroll_mark_paid=7513230a set_store_biz_cutoff=78b4a5a1 set_store_business_hours=9c55c56c set_store_cast_register=f357f5b9 set_store_norm_config=be41e293 set_store_okuri_base=bd505f
OK f-0 0149 本文が 1 tx 内で通る（列 2・関数・revoke／grant・policy 4 文）
OK f-1 proacl＝{postgres=X/postgres,service_role=X/postgres} — {postgres=X/postgres,service_role=X/postgres}
OK f-2 録画 5 枚＝close 済み・total＝due — [5500,17000,52800,12100,8800]
OK f-3 payload（org A 全体・audit 除く） — 表 27・行 325・143817 B・stock_logs sale 除外 2・product 行 6
NG f-4 demo_org_reset('all')（起草どおり・stores を wipe に含む）が通る（173 ms） — update or delete on table "stores" violates foreign key constraint "memberships_store_id_fkey" on table "memberships"
OK f-4' 変種（stores も残す＝c_keep 5 表・wipe 67 手・load 66 表）で demo_org_reset('all') が通る（239 ms） — {"mode":"all","deleted":{"casts":2,"seats":14,"checks":18,"shifts":1,"trials":0,"notices":0,"punches":218,"advances":0,"cast_pin":0,"payments":10,"payslips":0,"products":3,"approvals":0,"cast_plan":1,"customers":5,"staff_pin":1,"transport":0,"attendance":2,"audit_logs":843,"cast_norms":1,"cast_ranks
OK f-4 所要 ms（変種） — 239
OK f-5 再生後の表別件数＝再生前（audit_logs／stock_logs 以外の全表）
OK f-6 stock_logs: sale 行はトリガ再生成＝product 行数（6）と一致・二重なし — saleAfter=6 saleBefore=2
OK f-7 三点一致 5 枚（check_group_due＝録画値＝checks.total＝groupDueFull） — [{"id":"38a0d581","rec":5500,"due":5500,"total":5500,"mirror":5500},{"id":"9a2cbc13","rec":17000,"due":17000,"total":17000,"mirror":17000},{"id":"d4a15d1c","rec":52800,"due":52800,"total":52800,"mirror":52800},{"id":"d4871893","rec":12100,"due":12100,"total":12100,"mirror":12100},{"id":"a0abf0c8","r
OK f-7 三点一致の値 — [{"id":"38a0d581","rec":5500,"due":5500,"total":5500,"mirror":5500},{"id":"9a2cbc13","rec":17000,"due":17000,"total":17000,"mirror":17000},{"id":"d4a15d1c","rec":52800,"due":52800,"total":52800,"mirror":52800},{"id":"d4871893","rec":12100,"due":12100,"total":12100,"mirror":12100},{"id":"a0abf0c8","r
OK f-8 ★7 stock_logs.sale 行の at が対応する check_lines.created_at と一致（now() のまま残る行 0） — mismatch=0
OK f-9 demo_reset_at が更新・audit 'demo.reset' 1 行（mode all・deleted／inserted）
OK f-10 raise 'org mismatch'（checks 1 行の org_id を B に） — org mismatch
OK f-11 raise 'bad table'（残す表 orgs のキー／未知のキー foo） — bad table/bad table
OK f-12 raise 'not demo'（is_demo=false の org B） — not demo
OK f-13 raise 'bad stock_logs'（payload に reason='sale' の行） — bad stock_logs
OK f-14 raise 'bad mode'（nuke）／'bad payload'（load に null） — bad mode/bad payload
OK f-15 mode=wipe＝wipe 対象の表が 0（checks／casts）・users／orgs は残る — {"c":0,"ca":0,"u":8,"o":1} 
OK f-16 mode=load で復元（wipe→load の 2 回呼び＝277-1 の代替経路） — {"c":18,"ca":2} 
OK f-17 ROLLBACK 後の snapshot 一致（checks／lines／stock_logs／audit／casts／products／orgs 列数 6／is_demo 列なし／storage policy 3 本） — {"c":13,"l":8,"sl":1,"au":811,"ca":2,"pr":3,"newcols":0,"fn":0,"pol":"cast_photos_insert,cast_photos_select,cast_photos_update","ocols":6} → {"c":13,"l":8,"sl":1,"au":811,"ca":2,"pr":3,"newcols":0,"fn":0,"pol":"cast_photos_insert,cast_photos_select,cast_photos_update","ocols":6}
OK g-1 同 tx 内で 2 回連続 reset('all')＝件数・合計不変（112 ms／134 ms・Σtotal=197500）
OK g-1 所要 ms（2 回目・3 回目） — 112／134
h {"supabase/migrations/0149_demo_org_reset.sql":{"sha256":"bfe2512059bc7a905940c0ffd2d0a70021fd89bc11e31940812b5dafaf10469e","bytes":16857,"lines":201},"supabase/migrations/0150_service_role_timeout.sql":{"sha256":"c6637923c687599b320f9ae8608791a4028368c88357466ad60f8dbee974063d","bytes":1619,"lines":21}}
AD: NG あり
